All checks passed!
.........                                                                [100%]
9 passed in 6.77s
